Performing C++ SOURCE FILE Test CMAKE_HAVE_LIBC_PTHREAD failed with the following output:
Change Dir: /home/cxy/ACORN/ACORN/build/CMakeFiles/CMakeTmp

Run Build Command(s):/opt/rh/devtoolset-11/root/usr/bin/gmake -f Makefile cmTC_5c1ac/fast && /opt/rh/devtoolset-11/root/usr/bin/gmake  -f CMakeFiles/cmTC_5c1ac.dir/build.make CMakeFiles/cmTC_5c1ac.dir/build
gmake[1]: Entering directory '/home/cxy/ACORN/ACORN/build/CMakeFiles/CMakeTmp'
Building CXX object CMakeFiles/cmTC_5c1ac.dir/src.cxx.o
/opt/rh/devtoolset-9/root/usr/bin/c++ -DCMAKE_HAVE_LIBC_PTHREAD  -std=gnu++11 -o CMakeFiles/cmTC_5c1ac.dir/src.cxx.o -c /home/cxy/ACORN/ACORN/build/CMakeFiles/CMakeTmp/src.cxx
Linking CXX executable cmTC_5c1ac
/usr/local/bin/cmake -E cmake_link_script CMakeFiles/cmTC_5c1ac.dir/link.txt --verbose=1
/opt/rh/devtoolset-9/root/usr/bin/c++ CMakeFiles/cmTC_5c1ac.dir/src.cxx.o -o cmTC_5c1ac 
/opt/rh/devtoolset-9/root/usr/libexec/gcc/x86_64-redhat-linux/9/ld: CMakeFiles/cmTC_5c1ac.dir/src.cxx.o: in function `main':
src.cxx:(.text+0x2d): undefined reference to `pthread_create'
/opt/rh/devtoolset-9/root/usr/libexec/gcc/x86_64-redhat-linux/9/ld: src.cxx:(.text+0x39): undefined reference to `pthread_detach'
/opt/rh/devtoolset-9/root/usr/libexec/gcc/x86_64-redhat-linux/9/ld: src.cxx:(.text+0x45): undefined reference to `pthread_cancel'
/opt/rh/devtoolset-9/root/usr/libexec/gcc/x86_64-redhat-linux/9/ld: src.cxx:(.text+0x56): undefined reference to `pthread_join'
/opt/rh/devtoolset-9/root/usr/libexec/gcc/x86_64-redhat-linux/9/ld: src.cxx:(.text+0x6a): undefined reference to `pthread_atfork'
collect2: error: ld returned 1 exit status
gmake[1]: *** [CMakeFiles/cmTC_5c1ac.dir/build.make:99: cmTC_5c1ac] Error 1
gmake[1]: Leaving directory '/home/cxy/ACORN/ACORN/build/CMakeFiles/CMakeTmp'
gmake: *** [Makefile:127: cmTC_5c1ac/fast] Error 2


Source file was:
#include <pthread.h>

static void* test_func(void* data)
{
  return data;
}

int main(void)
{
  pthread_t thread;
  pthread_create(&thread, NULL, test_func, NULL);
  pthread_detach(thread);
  pthread_cancel(thread);
  pthread_join(thread, NULL);
  pthread_atfork(NULL, NULL, NULL);
  pthread_exit(NULL);

  return 0;
}

Determining if the function pthread_create exists in the pthreads failed with the following output:
Change Dir: /home/cxy/ACORN/ACORN/build/CMakeFiles/CMakeTmp

Run Build Command(s):/opt/rh/devtoolset-11/root/usr/bin/gmake -f Makefile cmTC_1da5c/fast && /opt/rh/devtoolset-11/root/usr/bin/gmake  -f CMakeFiles/cmTC_1da5c.dir/build.make CMakeFiles/cmTC_1da5c.dir/build
gmake[1]: Entering directory '/home/cxy/ACORN/ACORN/build/CMakeFiles/CMakeTmp'
Building CXX object CMakeFiles/cmTC_1da5c.dir/CheckFunctionExists.cxx.o
/opt/rh/devtoolset-9/root/usr/bin/c++   -DCHECK_FUNCTION_EXISTS=pthread_create -std=gnu++11 -o CMakeFiles/cmTC_1da5c.dir/CheckFunctionExists.cxx.o -c /home/cxy/ACORN/ACORN/build/CMakeFiles/CheckLibraryExists/CheckFunctionExists.cxx
Linking CXX executable cmTC_1da5c
/usr/local/bin/cmake -E cmake_link_script CMakeFiles/cmTC_1da5c.dir/link.txt --verbose=1
/opt/rh/devtoolset-9/root/usr/bin/c++  -DCHECK_FUNCTION_EXISTS=pthread_create CMakeFiles/cmTC_1da5c.dir/CheckFunctionExists.cxx.o -o cmTC_1da5c  -lpthreads 
/opt/rh/devtoolset-9/root/usr/libexec/gcc/x86_64-redhat-linux/9/ld: cannot find -lpthreads
collect2: error: ld returned 1 exit status
gmake[1]: *** [CMakeFiles/cmTC_1da5c.dir/build.make:99: cmTC_1da5c] Error 1
gmake[1]: Leaving directory '/home/cxy/ACORN/ACORN/build/CMakeFiles/CMakeTmp'
gmake: *** [Makefile:127: cmTC_1da5c/fast] Error 2



Determining if the function sgemm_ exists failed with the following output:
Change Dir: /home/cxy/ACORN/ACORN/build/CMakeFiles/CMakeTmp

Run Build Command(s):/opt/rh/devtoolset-11/root/usr/bin/gmake -f Makefile cmTC_0899a/fast && /opt/rh/devtoolset-11/root/usr/bin/gmake  -f CMakeFiles/cmTC_0899a.dir/build.make CMakeFiles/cmTC_0899a.dir/build
gmake[1]: Entering directory '/home/cxy/ACORN/ACORN/build/CMakeFiles/CMakeTmp'
Building CXX object CMakeFiles/cmTC_0899a.dir/CheckFunctionExists.cxx.o
/opt/rh/devtoolset-9/root/usr/bin/c++   -DCHECK_FUNCTION_EXISTS=sgemm_ -std=gnu++11 -o CMakeFiles/cmTC_0899a.dir/CheckFunctionExists.cxx.o -c /home/cxy/ACORN/ACORN/build/CMakeFiles/CheckFunctionExists/CheckFunctionExists.cxx
Linking CXX executable cmTC_0899a
/usr/local/bin/cmake -E cmake_link_script CMakeFiles/cmTC_0899a.dir/link.txt --verbose=1
/opt/rh/devtoolset-9/root/usr/bin/c++  -DCHECK_FUNCTION_EXISTS=sgemm_ CMakeFiles/cmTC_0899a.dir/CheckFunctionExists.cxx.o -o cmTC_0899a 
/opt/rh/devtoolset-9/root/usr/libexec/gcc/x86_64-redhat-linux/9/ld: CMakeFiles/cmTC_0899a.dir/CheckFunctionExists.cxx.o: in function `main':
CheckFunctionExists.cxx:(.text+0x10): undefined reference to `sgemm_'
collect2: error: ld returned 1 exit status
gmake[1]: *** [CMakeFiles/cmTC_0899a.dir/build.make:99: cmTC_0899a] Error 1
gmake[1]: Leaving directory '/home/cxy/ACORN/ACORN/build/CMakeFiles/CMakeTmp'
gmake: *** [Makefile:127: cmTC_0899a/fast] Error 2



Determining if the function cheev_ exists failed with the following output:
Change Dir: /home/cxy/ACORN/ACORN/build/CMakeFiles/CMakeTmp

Run Build Command(s):/opt/rh/devtoolset-11/root/usr/bin/gmake -f Makefile cmTC_b8de9/fast && /opt/rh/devtoolset-11/root/usr/bin/gmake  -f CMakeFiles/cmTC_b8de9.dir/build.make CMakeFiles/cmTC_b8de9.dir/build
gmake[1]: Entering directory '/home/cxy/ACORN/ACORN/build/CMakeFiles/CMakeTmp'
Building CXX object CMakeFiles/cmTC_b8de9.dir/CheckFunctionExists.cxx.o
/opt/rh/devtoolset-9/root/usr/bin/c++   -DCHECK_FUNCTION_EXISTS=cheev_ -std=gnu++11 -o CMakeFiles/cmTC_b8de9.dir/CheckFunctionExists.cxx.o -c /home/cxy/ACORN/ACORN/build/CMakeFiles/CheckFunctionExists/CheckFunctionExists.cxx
Linking CXX executable cmTC_b8de9
/usr/local/bin/cmake -E cmake_link_script CMakeFiles/cmTC_b8de9.dir/link.txt --verbose=1
/opt/rh/devtoolset-9/root/usr/bin/c++  -DCHECK_FUNCTION_EXISTS=cheev_ CMakeFiles/cmTC_b8de9.dir/CheckFunctionExists.cxx.o -o cmTC_b8de9  /usr/lib64/libblas.so -lpthread -lm -ldl 
/opt/rh/devtoolset-9/root/usr/libexec/gcc/x86_64-redhat-linux/9/ld: CMakeFiles/cmTC_b8de9.dir/CheckFunctionExists.cxx.o: in function `main':
CheckFunctionExists.cxx:(.text+0x10): undefined reference to `cheev_'
collect2: error: ld returned 1 exit status
gmake[1]: *** [CMakeFiles/cmTC_b8de9.dir/build.make:100: cmTC_b8de9] Error 1
gmake[1]: Leaving directory '/home/cxy/ACORN/ACORN/build/CMakeFiles/CMakeTmp'
gmake: *** [Makefile:127: cmTC_b8de9/fast] Error 2



Determining if the function cheev_ exists failed with the following output:
Change Dir: /home/cxy/ACORN/ACORN/build/CMakeFiles/CMakeTmp

Run Build Command(s):/opt/rh/devtoolset-11/root/usr/bin/gmake -f Makefile cmTC_84dcb/fast && /opt/rh/devtoolset-11/root/usr/bin/gmake  -f CMakeFiles/cmTC_84dcb.dir/build.make CMakeFiles/cmTC_84dcb.dir/build
gmake[1]: Entering directory '/home/cxy/ACORN/ACORN/build/CMakeFiles/CMakeTmp'
Building CXX object CMakeFiles/cmTC_84dcb.dir/CheckFunctionExists.cxx.o
/opt/rh/devtoolset-9/root/usr/bin/c++   -DCHECK_FUNCTION_EXISTS=cheev_ -std=gnu++11 -o CMakeFiles/cmTC_84dcb.dir/CheckFunctionExists.cxx.o -c /home/cxy/ACORN/ACORN/build/CMakeFiles/CheckFunctionExists/CheckFunctionExists.cxx
Linking CXX executable cmTC_84dcb
/usr/local/bin/cmake -E cmake_link_script CMakeFiles/cmTC_84dcb.dir/link.txt --verbose=1
/opt/rh/devtoolset-9/root/usr/bin/c++  -DCHECK_FUNCTION_EXISTS=cheev_ CMakeFiles/cmTC_84dcb.dir/CheckFunctionExists.cxx.o -o cmTC_84dcb  /usr/lib64/liblapack.so /usr/lib64/libblas.so -fortranlibs 
c++: error: unrecognized command line option ‘-fortranlibs’
gmake[1]: *** [CMakeFiles/cmTC_84dcb.dir/build.make:101: cmTC_84dcb] Error 1
gmake[1]: Leaving directory '/home/cxy/ACORN/ACORN/build/CMakeFiles/CMakeTmp'
gmake: *** [Makefile:127: cmTC_84dcb/fast] Error 2



